[    2146ms] [LOG] [Fast Refresh] rebuilding @ webpack-internal:///(app-pages-browser)/./node_modules/next/dist/client/dev/hot-reloader/app/hot-reloader-app.js:196
[   19707ms] [LOG] [Fast Refresh] rebuilding @ webpack-internal:///(app-pages-browser)/./node_modules/next/dist/client/dev/hot-reloader/app/hot-reloader-app.js:196
[   20961ms] [LOG] [Fast Refresh] done in 1253ms @ webpack-internal:///(app-pages-browser)/./node_modules/next/dist/client/dev/report-hmr-latency.js:13
[   23720ms] [INFO] %cDownload the React DevTools for a better development experience: https://react.dev/link/react-devtools font-weight:bold @ webpack-internal:///(app-pages-browser)/./node_modules/next/dist/compiled/react-dom/cjs/react-dom-client.development.js:25630
[   25294ms] [WARNING] THREE.Clock: This module has been deprecated. Please use THREE.Timer instead. @ webpack-internal:///(app-pages-browser)/./node_modules/three/build/three.core.js:1969
[   26076ms] [ERROR] Failed to load resource: the server responded with a status of 401 (Unauthorized) @ http://localhost:8000/files/materials/wood_oak/color.jpg:0
[   26097ms] [ERROR] Failed to load resource: the server responded with a status of 401 (Unauthorized) @ http://localhost:8000/files/materials/wood_oak/roughness.jpg:0
[   26113ms] [ERROR] Failed to load resource: the server responded with a status of 401 (Unauthorized) @ http://localhost:8000/files/materials/wood_oak/normal.jpg:0
[   26316ms] Error: Could not load http://localhost:8000/files/materials/wood_oak/color.jpg: undefined
    at eval (webpack-internal:///(app-pages-browser)/./node_modules/@react-three/fiber/dist/events-156d8d12.esm.js:1291:48)
    at HTMLImageElement.onImageError (webpack-internal:///(app-pages-browser)/./node_modules/three/build/three.core.js:32268:26)
[   26139ms] [ERROR] Failed to load resource: the server responded with a status of 401 (Unauthorized) @ http://localhost:8000/files/materials/wood_oak/ao.jpg:0
[   26336ms] Error: Could not load http://localhost:8000/files/materials/wood_oak/color.jpg: undefined
    at eval (webpack-internal:///(app-pages-browser)/./node_modules/@react-three/fiber/dist/events-156d8d12.esm.js:1291:48)
    at HTMLImageElement.onImageError (webpack-internal:///(app-pages-browser)/./node_modules/three/build/three.core.js:32268:26)
[   26196ms] [ERROR] Failed to load resource: the server responded with a status of 401 (Unauthorized) @ http://localhost:8000/files/materials/paint_white/color.jpg:0
[   26197ms] [ERROR] Failed to load resource: the server responded with a status of 401 (Unauthorized) @ http://localhost:8000/files/materials/paint_white/normal.jpg:0
[   26197ms] [ERROR] Failed to load resource: the server responded with a status of 401 (Unauthorized) @ http://localhost:8000/files/materials/paint_white/roughness.jpg:0
[   26219ms] [ERROR] Failed to load resource: the server responded with a status of 401 (Unauthorized) @ http://localhost:8000/files/materials/veneer_walnut/color.jpg:0
[   26239ms] [ERROR] Failed to load resource: the server responded with a status of 401 (Unauthorized) @ http://localhost:8000/files/materials/paint_white/ao.jpg:0
[   26269ms] [ERROR] Failed to load resource: the server responded with a status of 401 (Unauthorized) @ http://localhost:8000/files/materials/veneer_walnut/normal.jpg:0
[   26272ms] [ERROR] Failed to load resource: the server responded with a status of 401 (Unauthorized) @ http://localhost:8000/files/materials/veneer_walnut/ao.jpg:0
[   26272ms] [ERROR] Failed to load resource: the server responded with a status of 401 (Unauthorized) @ http://localhost:8000/files/materials/veneer_walnut/roughness.jpg:0
[   26731ms] [LOG] THREE.WebGLRenderer: Context Lost. @ webpack-internal:///(app-pages-browser)/./node_modules/three/build/three.core.js:1927
[  221708ms] [LOG] [Fast Refresh] rebuilding @ webpack-internal:///(app-pages-browser)/./node_modules/next/dist/client/dev/hot-reloader/app/hot-reloader-app.js:196
[  223921ms] [LOG] [Fast Refresh] rebuilding @ webpack-internal:///(app-pages-browser)/./node_modules/next/dist/client/dev/hot-reloader/app/hot-reloader-app.js:196
[  224110ms] [WARNING] [Fast Refresh] performing full reload because your application had an unrecoverable error @ webpack-internal:///(app-pages-browser)/./node_modules/next/dist/client/dev/hot-reloader/app/hot-reloader-app.js:113
[  231550ms] [WARNING] [Fast Refresh] performing full reload because your application had an unrecoverable error @ webpack-internal:///(app-pages-browser)/./node_modules/next/dist/client/dev/hot-reloader/app/hot-reloader-app.js:113
[  234310ms] [INFO] %cDownload the React DevTools for a better development experience: https://react.dev/link/react-devtools font-weight:bold @ webpack-internal:///(app-pages-browser)/./node_modules/next/dist/compiled/react-dom/cjs/react-dom-client.development.js:25630
[  235343ms] [WARNING] THREE.Clock: This module has been deprecated. Please use THREE.Timer instead. @ webpack-internal:///(app-pages-browser)/./node_modules/three/build/three.core.js:1969
[  235806ms] [ERROR] Failed to load resource: the server responded with a status of 401 (Unauthorized) @ http://localhost:8000/files/materials/wood_oak/color.jpg:0
[  235860ms] Error: Could not load http://localhost:8000/files/materials/wood_oak/color.jpg: undefined
    at eval (webpack-internal:///(app-pages-browser)/./node_modules/@react-three/fiber/dist/events-156d8d12.esm.js:1291:48)
    at HTMLImageElement.onImageError (webpack-internal:///(app-pages-browser)/./node_modules/three/build/three.core.js:32268:26)
[  235844ms] [ERROR] Failed to load resource: the server responded with a status of 401 (Unauthorized) @ http://localhost:8000/files/materials/wood_oak/normal.jpg:0
[  235844ms] [ERROR] Failed to load resource: the server responded with a status of 401 (Unauthorized) @ http://localhost:8000/files/materials/wood_oak/roughness.jpg:0
[  235916ms] Error: Could not load http://localhost:8000/files/materials/wood_oak/color.jpg: undefined
    at eval (webpack-internal:///(app-pages-browser)/./node_modules/@react-three/fiber/dist/events-156d8d12.esm.js:1291:48)
    at HTMLImageElement.onImageError (webpack-internal:///(app-pages-browser)/./node_modules/three/build/three.core.js:32268:26)
[  235867ms] [ERROR] Failed to load resource: the server responded with a status of 401 (Unauthorized) @ http://localhost:8000/files/materials/wood_oak/ao.jpg:0
[  235868ms] [ERROR] Failed to load resource: the server responded with a status of 401 (Unauthorized) @ http://localhost:8000/files/materials/paint_white/color.jpg:0
[  235868ms] [ERROR] Failed to load resource: the server responded with a status of 401 (Unauthorized) @ http://localhost:8000/files/materials/paint_white/roughness.jpg:0
[  235878ms] [ERROR] Failed to load resource: the server responded with a status of 401 (Unauthorized) @ http://localhost:8000/files/materials/paint_white/normal.jpg:0
[  235879ms] [ERROR] Failed to load resource: the server responded with a status of 401 (Unauthorized) @ http://localhost:8000/files/materials/paint_white/ao.jpg:0
[  235886ms] [ERROR] Failed to load resource: the server responded with a status of 401 (Unauthorized) @ http://localhost:8000/files/materials/veneer_walnut/color.jpg:0
[  235898ms] [ERROR] Failed to load resource: the server responded with a status of 401 (Unauthorized) @ http://localhost:8000/files/materials/veneer_walnut/normal.jpg:0
[  235906ms] [ERROR] Failed to load resource: the server responded with a status of 401 (Unauthorized) @ http://localhost:8000/files/materials/veneer_walnut/roughness.jpg:0
[  235907ms] [ERROR] Failed to load resource: the server responded with a status of 401 (Unauthorized) @ http://localhost:8000/files/materials/veneer_walnut/ao.jpg:0
[  236415ms] [LOG] THREE.WebGLRenderer: Context Lost. @ webpack-internal:///(app-pages-browser)/./node_modules/three/build/three.core.js:1927
[  245697ms] [LOG] [Fast Refresh] rebuilding @ webpack-internal:///(app-pages-browser)/./node_modules/next/dist/client/dev/hot-reloader/app/hot-reloader-app.js:196
[  252015ms] [WARNING] [Fast Refresh] performing full reload because your application had an unrecoverable error @ webpack-internal:///(app-pages-browser)/./node_modules/next/dist/client/dev/hot-reloader/app/hot-reloader-app.js:113
[  255099ms] [INFO] %cDownload the React DevTools for a better development experience: https://react.dev/link/react-devtools font-weight:bold @ webpack-internal:///(app-pages-browser)/./node_modules/next/dist/compiled/react-dom/cjs/react-dom-client.development.js:25630
[  256635ms] [WARNING] THREE.Clock: This module has been deprecated. Please use THREE.Timer instead. @ webpack-internal:///(app-pages-browser)/./node_modules/three/build/three.core.js:1969
