[    1871ms] [INFO] %cDownload the React DevTools for a better development experience: https://react.dev/link/react-devtools font-weight:bold @ webpack-internal:///(app-pages-browser)/./node_modules/next/dist/compiled/react-dom/cjs/react-dom-client.development.js:25630
[    3408ms] [WARNING] THREE.Clock: This module has been deprecated. Please use THREE.Timer instead. @ webpack-internal:///(app-pages-browser)/./node_modules/three/build/three.core.js:1969
[   11551ms] [LOG] THREE.WebGLRenderer: Context Lost. @ webpack-internal:///(app-pages-browser)/./node_modules/three/build/three.core.js:1927
[   11856ms] [WARNING] THREE.Clock: This module has been deprecated. Please use THREE.Timer instead. @ webpack-internal:///(app-pages-browser)/./node_modules/three/build/three.core.js:1969
[   14689ms] [ERROR] Access to image at 'http://localhost:8000/files/materials/wood_oak/normal.jpg?k=NJKOS0Y9NMaK77z4lxKWft-4TMQsw6dh95SwWzPRx-A' from origin 'http://localhost:3001' has been blocked by CORS policy: No 'Access-Control-Allow-Origin' header is present on the requested resource. @ http://localhost:3001/w/proj_a25a006c88?k=NJKOS0Y9NMaK77z4lxKWft-4TMQsw6dh95SwWzPRx-A:0
[   14690ms] [ERROR] Failed to load resource: net::ERR_FAILED @ http://localhost:8000/files/materials/wood_oak/normal.jpg?k=NJKOS0Y9NMaK77z4lxKWft-4TMQsw6dh95SwWzPRx-A:0
[   14692ms] [ERROR] Access to image at 'http://localhost:8000/files/materials/wood_oak/color.jpg?k=NJKOS0Y9NMaK77z4lxKWft-4TMQsw6dh95SwWzPRx-A' from origin 'http://localhost:3001' has been blocked by CORS policy: No 'Access-Control-Allow-Origin' header is present on the requested resource. @ http://localhost:3001/w/proj_a25a006c88?k=NJKOS0Y9NMaK77z4lxKWft-4TMQsw6dh95SwWzPRx-A:0
[   14692ms] [ERROR] Failed to load resource: net::ERR_FAILED @ http://localhost:8000/files/materials/wood_oak/color.jpg?k=NJKOS0Y9NMaK77z4lxKWft-4TMQsw6dh95SwWzPRx-A:0
[   14773ms] Error: Could not load http://localhost:8000/files/materials/wood_oak/normal.jpg?k=NJKOS0Y9NMaK77z4lxKWft-4TMQsw6dh95SwWzPRx-A: undefined
    at eval (webpack-internal:///(app-pages-browser)/./node_modules/@react-three/fiber/dist/events-156d8d12.esm.js:1291:48)
    at HTMLImageElement.onImageError (webpack-internal:///(app-pages-browser)/./node_modules/three/build/three.core.js:32268:26)
[   14782ms] Error: Could not load http://localhost:8000/files/materials/wood_oak/normal.jpg?k=NJKOS0Y9NMaK77z4lxKWft-4TMQsw6dh95SwWzPRx-A: undefined
    at eval (webpack-internal:///(app-pages-browser)/./node_modules/@react-three/fiber/dist/events-156d8d12.esm.js:1291:48)
    at HTMLImageElement.onImageError (webpack-internal:///(app-pages-browser)/./node_modules/three/build/three.core.js:32268:26)
[   14859ms] [ERROR] Access to image at 'http://localhost:8000/files/materials/wood_oak/roughness.jpg?k=NJKOS0Y9NMaK77z4lxKWft-4TMQsw6dh95SwWzPRx-A' from origin 'http://localhost:3001' has been blocked by CORS policy: No 'Access-Control-Allow-Origin' header is present on the requested resource. @ http://localhost:3001/w/proj_a25a006c88?k=NJKOS0Y9NMaK77z4lxKWft-4TMQsw6dh95SwWzPRx-A:0
[   14859ms] [ERROR] Failed to load resource: net::ERR_FAILED @ http://localhost:8000/files/materials/wood_oak/roughness.jpg?k=NJKOS0Y9NMaK77z4lxKWft-4TMQsw6dh95SwWzPRx-A:0
[   14952ms] [ERROR] Access to image at 'http://localhost:8000/files/materials/wood_oak/ao.jpg?k=NJKOS0Y9NMaK77z4lxKWft-4TMQsw6dh95SwWzPRx-A' from origin 'http://localhost:3001' has been blocked by CORS policy: No 'Access-Control-Allow-Origin' header is present on the requested resource. @ http://localhost:3001/w/proj_a25a006c88?k=NJKOS0Y9NMaK77z4lxKWft-4TMQsw6dh95SwWzPRx-A:0
[   14953ms] [ERROR] Failed to load resource: net::ERR_FAILED @ http://localhost:8000/files/materials/wood_oak/ao.jpg?k=NJKOS0Y9NMaK77z4lxKWft-4TMQsw6dh95SwWzPRx-A:0
[   15104ms] [ERROR] Access to image at 'http://localhost:8000/files/materials/paint_white/normal.jpg?k=NJKOS0Y9NMaK77z4lxKWft-4TMQsw6dh95SwWzPRx-A' from origin 'http://localhost:3001' has been blocked by CORS policy: No 'Access-Control-Allow-Origin' header is present on the requested resource. @ http://localhost:3001/w/proj_a25a006c88?k=NJKOS0Y9NMaK77z4lxKWft-4TMQsw6dh95SwWzPRx-A:0
[   15104ms] [ERROR] Failed to load resource: net::ERR_FAILED @ http://localhost:8000/files/materials/paint_white/normal.jpg?k=NJKOS0Y9NMaK77z4lxKWft-4TMQsw6dh95SwWzPRx-A:0
[   15110ms] [ERROR] Access to image at 'http://localhost:8000/files/materials/paint_white/color.jpg?k=NJKOS0Y9NMaK77z4lxKWft-4TMQsw6dh95SwWzPRx-A' from origin 'http://localhost:3001' has been blocked by CORS policy: No 'Access-Control-Allow-Origin' header is present on the requested resource. @ http://localhost:3001/w/proj_a25a006c88?k=NJKOS0Y9NMaK77z4lxKWft-4TMQsw6dh95SwWzPRx-A:0
[   15111ms] [ERROR] Failed to load resource: net::ERR_FAILED @ http://localhost:8000/files/materials/paint_white/color.jpg?k=NJKOS0Y9NMaK77z4lxKWft-4TMQsw6dh95SwWzPRx-A:0
[   15164ms] [ERROR] Access to image at 'http://localhost:8000/files/materials/paint_white/roughness.jpg?k=NJKOS0Y9NMaK77z4lxKWft-4TMQsw6dh95SwWzPRx-A' from origin 'http://localhost:3001' has been blocked by CORS policy: No 'Access-Control-Allow-Origin' header is present on the requested resource. @ http://localhost:3001/w/proj_a25a006c88?k=NJKOS0Y9NMaK77z4lxKWft-4TMQsw6dh95SwWzPRx-A:0
[   15165ms] [ERROR] Failed to load resource: net::ERR_FAILED @ http://localhost:8000/files/materials/paint_white/roughness.jpg?k=NJKOS0Y9NMaK77z4lxKWft-4TMQsw6dh95SwWzPRx-A:0
[   15219ms] [ERROR] Access to image at 'http://localhost:8000/files/materials/paint_white/ao.jpg?k=NJKOS0Y9NMaK77z4lxKWft-4TMQsw6dh95SwWzPRx-A' from origin 'http://localhost:3001' has been blocked by CORS policy: No 'Access-Control-Allow-Origin' header is present on the requested resource. @ http://localhost:3001/w/proj_a25a006c88?k=NJKOS0Y9NMaK77z4lxKWft-4TMQsw6dh95SwWzPRx-A:0
[   15219ms] [ERROR] Failed to load resource: net::ERR_FAILED @ http://localhost:8000/files/materials/paint_white/ao.jpg?k=NJKOS0Y9NMaK77z4lxKWft-4TMQsw6dh95SwWzPRx-A:0
[   15284ms] [ERROR] Access to image at 'http://localhost:8000/files/materials/veneer_walnut/color.jpg?k=NJKOS0Y9NMaK77z4lxKWft-4TMQsw6dh95SwWzPRx-A' from origin 'http://localhost:3001' has been blocked by CORS policy: No 'Access-Control-Allow-Origin' header is present on the requested resource. @ http://localhost:3001/w/proj_a25a006c88?k=NJKOS0Y9NMaK77z4lxKWft-4TMQsw6dh95SwWzPRx-A:0
[   15284ms] [ERROR] Failed to load resource: net::ERR_FAILED @ http://localhost:8000/files/materials/veneer_walnut/color.jpg?k=NJKOS0Y9NMaK77z4lxKWft-4TMQsw6dh95SwWzPRx-A:0
[   15313ms] [LOG] THREE.WebGLRenderer: Context Lost. @ webpack-internal:///(app-pages-browser)/./node_modules/three/build/three.core.js:1927
[   15351ms] [ERROR] Access to image at 'http://localhost:8000/files/materials/veneer_walnut/normal.jpg?k=NJKOS0Y9NMaK77z4lxKWft-4TMQsw6dh95SwWzPRx-A' from origin 'http://localhost:3001' has been blocked by CORS policy: No 'Access-Control-Allow-Origin' header is present on the requested resource. @ http://localhost:3001/w/proj_a25a006c88?k=NJKOS0Y9NMaK77z4lxKWft-4TMQsw6dh95SwWzPRx-A:0
[   15352ms] [ERROR] Failed to load resource: net::ERR_FAILED @ http://localhost:8000/files/materials/veneer_walnut/normal.jpg?k=NJKOS0Y9NMaK77z4lxKWft-4TMQsw6dh95SwWzPRx-A:0
[   15411ms] [ERROR] Access to image at 'http://localhost:8000/files/materials/veneer_walnut/roughness.jpg?k=NJKOS0Y9NMaK77z4lxKWft-4TMQsw6dh95SwWzPRx-A' from origin 'http://localhost:3001' has been blocked by CORS policy: No 'Access-Control-Allow-Origin' header is present on the requested resource. @ http://localhost:3001/w/proj_a25a006c88?k=NJKOS0Y9NMaK77z4lxKWft-4TMQsw6dh95SwWzPRx-A:0
[   15412ms] [ERROR] Failed to load resource: net::ERR_FAILED @ http://localhost:8000/files/materials/veneer_walnut/roughness.jpg?k=NJKOS0Y9NMaK77z4lxKWft-4TMQsw6dh95SwWzPRx-A:0
[   15492ms] [ERROR] Access to image at 'http://localhost:8000/files/materials/veneer_walnut/ao.jpg?k=NJKOS0Y9NMaK77z4lxKWft-4TMQsw6dh95SwWzPRx-A' from origin 'http://localhost:3001' has been blocked by CORS policy: No 'Access-Control-Allow-Origin' header is present on the requested resource. @ http://localhost:3001/w/proj_a25a006c88?k=NJKOS0Y9NMaK77z4lxKWft-4TMQsw6dh95SwWzPRx-A:0
[   15492ms] [ERROR] Failed to load resource: net::ERR_FAILED @ http://localhost:8000/files/materials/veneer_walnut/ao.jpg?k=NJKOS0Y9NMaK77z4lxKWft-4TMQsw6dh95SwWzPRx-A:0
